// Jest Snapshot v1, https://goo.gl/fbAQLP

exports[`Server app integration test snapshot demo 1`] = `"Reservation with id 12345 not found"`;

exports[`Server app integration test snapshot demo 2`] = `"Reservation with id 12345 not found"`;
